// Jest Snapshot v1, https://goo.gl/fbAQLP

exports[`<Input /> Renders the Input component 1`] = `
<div>
  <input
    class="css-rgdr6w-InputStyles emzn0i0"
    value=""
  />
</div>
`;
