// Jest Snapshot v1, https://goo.gl/fbAQLP

exports[`<Modal /> Renders the Modal component when is close 1`] = `<div />`;

exports[`<Modal /> Renders the Modal component when is open 1`] = `
.emotion-14 {
  -webkit-align-items: center;
  -webkit-box-align: center;
  -ms-flex-align: center;
  align-items: center;
  background-color: rgba(0,0,0,0.5);
  bottom: 0;
  display: -webkit-box;
  display: -webkit-flex;
  display: -ms-flexbox;
  display: flex;
  -webkit-flex-direction: column;
  -ms-flex-direction: column;
  flex-direction: column;
  -webkit-box-pack: center;
  -webkit-justify-content: center;
  -ms-flex-pack: center;
  justify-content: center;
  left: 0;
  position: fixed;
  right: 0;
  top: 0;
  z-index: 99;
}

.emotion-12 {
  background-color: #ffffff;
  border: 0.2px solid #E1E1E1;
  border-radius: 1.8px;
  box-shadow: 0px 1px 20px rgba(0,0,0,0.2);
  min-height: 903px;
  overflow-y: auto;
  padding: 0 50px;
  position: relative;
  width: 936px;
  z-index: 99;
  -webkit-overflow-scrolling: touch;
}

.emotion-12 section {
  padding: 0;
}

@media (max-width:992px) {
  .emotion-12 {
    padding: 0 25px;
    width: 85%;
  }
}

@media (max-width:576px) {
  .emotion-12 {
    box-shadow: none;
    height: 100%;
    min-height: unset;
    width: 100%;
  }
}

.emotion-8 {
  height: 117px;
}

.emotion-0 {
  cursor: pointer;
  height: 16px;
  position: absolute;
  right: 37px;
  top: 30px;
  width: 16px;
}

@media (max-width:576px) {
  .emotion-0 {
    right: 23px;
    top: 19px;
  }
}

.emotion-2 {
  color: #050925;
  display: inline-block;
  font-size: 25px;
  font-weight: 400;
  margin: 50px 15px 13px 0;
}

.emotion-4 {
  height: 16px;
  width: 22px;
}

.emotion-6 {
  color: #050925;
  font-weight: 400;
  margin: 0;
  opacity: 0.5;
}

<div>
  <div
    aria-modal="true"
    class="emotion-14 emotion-15"
    data-testid="modal-component"
    id="dismiss-modal"
    role="dialog"
  >
    <div
      class="emotion-12 emotion-13"
    >
      <div
        class="emotion-8 emotion-9"
      >
        <img
          class="emotion-0 emotion-1"
          data-testid="modal-close-button"
          src="mocked-file"
        />
        <h1
          class="emotion-2 emotion-3"
        >
          Sample
        </h1>
        <img
          class="emotion-4 emotion-5"
          src="mocked-file"
        />
        <h4
          class="emotion-6 emotion-7"
        >
          Title sample for modal
        </h4>
      </div>
      <div
        class="emotion-10 emotion-11"
      >
        Sample
      </div>
    </div>
  </div>
</div>
`;
