// Jest Snapshot v1, https://goo.gl/fbAQLP

exports[`<ErrorMessage /> Renders the ErrorMessage component 1`] = `
<div>
  <span
    class="css-13qry7b-ErrorMessageStyles e1gulyup0"
  >
    Invalid
  </span>
</div>
`;
